C:\Program Files\dotnet\sdk\8.0.416\Sdks\Microsoft.NET.Sdk\targets\Microsoft.PackageDependencyResolution.targets(266,5): error NETSDK1064: Package Microsoft.CodeAnalysis.Analyzers, version 3.3.4 was not found. It might have been deleted since NuGet restore. Otherwise, NuGet restore might have only partially completed, which might have been due to maximum path length restrictions. [Z:\Sayara\Sayara.csproj]

Build FAILED.

C:\Program Files\dotnet\sdk\8.0.416\Sdks\Microsoft.NET.Sdk\targets\Microsoft.PackageDependencyResolution.targets(266,5): error NETSDK1064: Package Microsoft.CodeAnalysis.Analyzers, version 3.3.4 was not found. It might have been deleted since NuGet restore. Otherwise, NuGet restore might have only partially completed, which might have been due to maximum path length restrictions. [Z:\Sayara\Sayara.csproj]
    0 Warning(s)
    1 Error(s)

Time Elapsed 00:00:00.51
